// Vitest Snapshot v1, https://vitest.dev/guide/snapshot.html

exports[`Checkbox > should render 1`] = `
<div>
  <input
    class="_checkbox_399c3c"
    type="checkbox"
  />
</div>
`;
